******************************************************************************
       MSP430 Evaluation Linker PC v3.3.2                      
******************************************************************************
>> Linked Fri May 13 00:03:39 2011

OUTPUT FILE NAME:   <74164_SPI.out>
ENTRY POINT SYMBOL: "_c_int00"  address: 0000fd02


MEMORY CONFIGURATION

         name            origin    length      used     unused   attr    fill
----------------------  --------  ---------  --------  --------  ----  --------
  SFR                   00000000   00000010  00000000  00000010  RWIX
  PERIPHERALS_8BIT      00000010   000000f0  00000000  000000f0  RWIX
  PERIPHERALS_16BIT     00000100   00000100  00000000  00000100  RWIX
  RAM                   00000200   00000080  0000004a  00000036  RWIX
  INFOD                 00001000   00000040  00000000  00000040  RWIX
  INFOC                 00001040   00000040  00000000  00000040  RWIX
  INFOB                 00001080   00000040  00000000  00000040  RWIX
  INFOA                 000010c0   00000040  00000000  00000040  RWIX
  FLASH                 0000f800   000007e0  00000762  0000007e  RWIX
  INT00                 0000ffe0   00000002  00000000  00000002  RWIX
  INT01                 0000ffe2   00000002  00000000  00000002  RWIX
  INT02                 0000ffe4   00000002  00000000  00000002  RWIX
  INT03                 0000ffe6   00000002  00000000  00000002  RWIX
  INT04                 0000ffe8   00000002  00000000  00000002  RWIX
  INT05                 0000ffea   00000002  00000000  00000002  RWIX
  INT06                 0000ffec   00000002  00000000  00000002  RWIX
  INT07                 0000ffee   00000002  00000000  00000002  RWIX
  INT08                 0000fff0   00000002  00000000  00000002  RWIX
  INT09                 0000fff2   00000002  00000000  00000002  RWIX
  INT10                 0000fff4   00000002  00000000  00000002  RWIX
  INT11                 0000fff6   00000002  00000000  00000002  RWIX
  INT12                 0000fff8   00000002  00000000  00000002  RWIX
  INT13                 0000fffa   00000002  00000000  00000002  RWIX
  INT14                 0000fffc   00000002  00000000  00000002  RWIX
  RESET                 0000fffe   00000002  00000002  00000000  RWIX


SECTION ALLOCATION MAP

 output                                  attributes/
section   page    origin      length       input sections
--------  ----  ----------  ----------   ----------------
.cinit     0    0000f800    00000000     UNINITIALIZED

.pinit     0    0000f800    00000000     UNINITIALIZED

.bss       0    00000200    0000000a     UNINITIALIZED
                  00000200    00000004     rts430.lib : _lock.obj (.bss)
                  00000204    00000004     ti.targets.msp430.rts430.a430 : boot.o430 (.bss)
                  00000208    00000002     SED1520LCD.obj (.bss)

.stack     0    00000240    00000040     UNINITIALIZED
                  00000240    00000002     ti.targets.msp430.rts430.a430 : boot.o430 (.stack)
                  00000242    0000003e     --HOLE--

xdc.meta   0    0000f800    000000d7     COPY SECTION
                  0000f800    000000d7     main_p430.o430 (xdc.meta)

.text      0    0000f800    00000622     
                  0000f800    000001ec     main.obj (.text:main)
                  0000f9ec    0000008c     main.obj (.text:LcdPutHex)
                  0000fa78    00000078     SED1520LCD.obj (.text:LcdPutc)
                  0000faf0    00000074     SED1520LCD.obj (.text:LcdInit)
                  0000fb64    0000006a     SED1520LCD.obj (.text:LcdFill)
                  0000fbce    0000004c     rts430.lib : lsr16.obj (.text)
                  0000fc1a    0000004a     main.obj (.text:DelaySecond)
                  0000fc64    0000004a     SED1520LCD.obj (.text:LcdSetCursorPos)
                  0000fcae    0000002a     SED1520LCD.obj (.text:LcdCmd)
                  0000fcd8    0000002a     SED1520LCD.obj (.text:LcdData)
                  0000fd02    0000002a     ti.targets.msp430.rts430.a430 : boot.o430 (.text:_c_int00_noinit_noexit)
                  0000fd2c    0000002a                                   : pre_init.o430 (.text:_system_pre_init)
                  0000fd56    00000028     csl.lib : BCSplus_init.obj (.text:BCSplus_init)
                  0000fd7e    00000020     main.obj (.text:ConvertHexToAscii)
                  0000fd9e    00000020     csl.lib : GPIO_init.obj (.text:GPIO_init)
                  0000fdbe    0000001a             : CSL_init.obj (.text:CSL_init)
                  0000fdd8    0000001a             : USI_init.obj (.text:USI_init)
                  0000fdf2    00000018     main.obj (.text:LcdSetDataBus)
                  0000fe0a    00000008     csl.lib : Timer_A2_init.obj (.text:Timer_A2_init)
                  0000fe12    00000008             : WDTplus_init.obj (.text:WDTplus_init)
                  0000fe1a    00000004     rts430.lib : exit.obj (.text:abort)
                  0000fe1e    00000002     csl.lib : System_init.obj (.text:System_init)
                  0000fe20    00000002     rts430.lib : _lock.obj (.text:_nop)

.const     0    0000fe22    00000140     
                  0000fe22    00000140     SED1520LCD.obj (.const:Font5x7)

.reset     0    0000fffe    00000002     
                  0000fffe    00000002     ti.targets.msp430.rts430.a430 : boot.o430 (.reset)


GLOBAL SYMBOLS: SORTED ALPHABETICALLY BY Name 

address    name
--------   ----
00000200   .bss
0000f800   .text
0000004a   ADC10AE0
000001b0   ADC10CTL0
000001b2   ADC10CTL1
00000048   ADC10DTC0
00000049   ADC10DTC1
000001b4   ADC10MEM
000001bc   ADC10SA
00000057   BCSCTL1
00000058   BCSCTL2
00000053   BCSCTL3
0000fd56   BCSplus_init
0000fe1a   C$$EXIT
000010ff   CALBC1_1MHZ
000010fe   CALDCO_1MHZ
0000fdbe   CSL_init
0000fd7e   ConvertHexToAscii
00000056   DCOCTL
0000fc1a   DelaySecond
00000128   FCTL1
0000012a   FCTL2
0000012c   FCTL3
0000fe22   Font5x7
0000fd9e   GPIO_init
00000000   IE1
00000002   IFG1
0000fbce   I_LSR
0000fc14   I_LSR_1
0000fbf0   I_LSR_10
0000fbec   I_LSR_11
0000fbe8   I_LSR_12
0000fbe4   I_LSR_13
0000fbe0   I_LSR_14
0000fbdc   I_LSR_15
0000fc10   I_LSR_2
0000fc0c   I_LSR_3
0000fc08   I_LSR_4
0000fc04   I_LSR_5
0000fc00   I_LSR_6
0000fbfc   I_LSR_7
0000fbf8   I_LSR_8
0000fbf4   I_LSR_9
0000fcae   LcdCmd
0000fcd8   LcdData
0000fb64   LcdFill
0000faf0   LcdInit
0000f9ec   LcdPutHex
0000fa78   LcdPutc
0000fc64   LcdSetCursorPos
0000fdf2   LcdSetDataBus
00000022   P1DIR
00000025   P1IE
00000024   P1IES
00000023   P1IFG
00000020   P1IN
00000021   P1OUT
00000027   P1REN
00000026   P1SEL
0000002a   P2DIR
0000002d   P2IE
0000002c   P2IES
0000002b   P2IFG
00000028   P2IN
00000029   P2OUT
0000002f   P2REN
0000002e   P2SEL
0000fe1e   System_init
00000172   TACCR0
00000174   TACCR1
00000162   TACCTL0
00000164   TACCTL1
00000160   TACTL
0000012e   TAIV
00000170   TAR
0000fe0a   Timer_A2_init
0000007a   USICCTL
0000007a   USICKCTL
0000007b   USICNT
00000078   USICTL
00000078   USICTL0
00000079   USICTL1
0000007c   USISR
0000007d   USISRH
0000007c   USISRL
0000fdd8   USI_init
00000120   WDTCTL
0000fe12   WDTplus_init
0000f800   __ASM__
0000f852   __ISA__
0000f864   __PLAT__
00000280   __STACK_END
00000040   __STACK_SIZE
0000f888   __TARG__
00000001   __TI_args_main
00000001   __TI_auto_init
00000001   __TI_exit
0000f8b0   __TRDR__
ffffffff   __binit__
00000200   __bss__
ffffffff   __c_args__
ffffffff   __cinit__
0000020a   __end__
0000fe22   __etext__
ffffffff   __pinit__
0000f800   __text__
00000000   _argsize
0000fd02   _c_int00
0000fd02   _c_int00_noinit_noexit
00000204   _cleanup_ptr
00000206   _dtors_ptr
00000200   _lock
0000fe20   _nop
0000fffe   _reset_vector
00000240   _stack
0000fd2c   _system_pre_init
00000202   _unlock
0000fe1a   abort
ffffffff   binit
ffffffff   cinit
0000020a   end
0000fe22   etext
0000f800   main
ffffffff   pinit
00000000   xdc_runtime_Startup__EXECFXN__C
00000000   xdc_runtime_Startup__RESETFXN__C
00000000   xdc_runtime_Startup_exec__E
00000000   xdc_runtime_Startup_reset__I


GLOBAL SYMBOLS: SORTED BY Symbol Address 

address    name
--------   ----
00000000   IE1
00000000   _argsize
00000000   xdc_runtime_Startup__EXECFXN__C
00000000   xdc_runtime_Startup__RESETFXN__C
00000000   xdc_runtime_Startup_exec__E
00000000   xdc_runtime_Startup_reset__I
00000001   __TI_args_main
00000001   __TI_auto_init
00000001   __TI_exit
00000002   IFG1
00000020   P1IN
00000021   P1OUT
00000022   P1DIR
00000023   P1IFG
00000024   P1IES
00000025   P1IE
00000026   P1SEL
00000027   P1REN
00000028   P2IN
00000029   P2OUT
0000002a   P2DIR
0000002b   P2IFG
0000002c   P2IES
0000002d   P2IE
0000002e   P2SEL
0000002f   P2REN
00000040   __STACK_SIZE
00000048   ADC10DTC0
00000049   ADC10DTC1
0000004a   ADC10AE0
00000053   BCSCTL3
00000056   DCOCTL
00000057   BCSCTL1
00000058   BCSCTL2
00000078   USICTL
00000078   USICTL0
00000079   USICTL1
0000007a   USICCTL
0000007a   USICKCTL
0000007b   USICNT
0000007c   USISR
0000007c   USISRL
0000007d   USISRH
00000120   WDTCTL
00000128   FCTL1
0000012a   FCTL2
0000012c   FCTL3
0000012e   TAIV
00000160   TACTL
00000162   TACCTL0
00000164   TACCTL1
00000170   TAR
00000172   TACCR0
00000174   TACCR1
000001b0   ADC10CTL0
000001b2   ADC10CTL1
000001b4   ADC10MEM
000001bc   ADC10SA
00000200   .bss
00000200   __bss__
00000200   _lock
00000202   _unlock
00000204   _cleanup_ptr
00000206   _dtors_ptr
0000020a   __end__
0000020a   end
00000240   _stack
00000280   __STACK_END
000010fe   CALDCO_1MHZ
000010ff   CALBC1_1MHZ
0000f800   .text
0000f800   __ASM__
0000f800   __text__
0000f800   main
0000f852   __ISA__
0000f864   __PLAT__
0000f888   __TARG__
0000f8b0   __TRDR__
0000f9ec   LcdPutHex
0000fa78   LcdPutc
0000faf0   LcdInit
0000fb64   LcdFill
0000fbce   I_LSR
0000fbdc   I_LSR_15
0000fbe0   I_LSR_14
0000fbe4   I_LSR_13
0000fbe8   I_LSR_12
0000fbec   I_LSR_11
0000fbf0   I_LSR_10
0000fbf4   I_LSR_9
0000fbf8   I_LSR_8
0000fbfc   I_LSR_7
0000fc00   I_LSR_6
0000fc04   I_LSR_5
0000fc08   I_LSR_4
0000fc0c   I_LSR_3
0000fc10   I_LSR_2
0000fc14   I_LSR_1
0000fc1a   DelaySecond
0000fc64   LcdSetCursorPos
0000fcae   LcdCmd
0000fcd8   LcdData
0000fd02   _c_int00
0000fd02   _c_int00_noinit_noexit
0000fd2c   _system_pre_init
0000fd56   BCSplus_init
0000fd7e   ConvertHexToAscii
0000fd9e   GPIO_init
0000fdbe   CSL_init
0000fdd8   USI_init
0000fdf2   LcdSetDataBus
0000fe0a   Timer_A2_init
0000fe12   WDTplus_init
0000fe1a   C$$EXIT
0000fe1a   abort
0000fe1e   System_init
0000fe20   _nop
0000fe22   Font5x7
0000fe22   __etext__
0000fe22   etext
0000fffe   _reset_vector
ffffffff   __binit__
ffffffff   __c_args__
ffffffff   __cinit__
ffffffff   __pinit__
ffffffff   binit
ffffffff   cinit
ffffffff   pinit

[128 symbols]
